// Jest Snapshot v1, https://goo.gl/fbAQLP

exports[`MultilineInput should match snapshot for a multiline input 1`] = `
<View
  style={
    {
      "position": "relative",
    }
  }
>
  <TextInput
    maxLength={40}
    multiline={true}
    onChangeText={[Function]}
    style={
      {
        "borderColor": "#000",
        "borderRadius": 4,
        "borderWidth": 1,
        "fontSize": 16,
        "height": 90,
        "paddingHorizontal": 4,
        "paddingVertical": 8,
        "width": "100%",
      }
    }
    value="Test"
  />
</View>
`;
