// Jest Snapshot v1, https://goo.gl/fbAQLP

exports[`Button should match snapshot 1`] = `
<View
  accessibilityState={
    {
      "busy": undefined,
      "checked": undefined,
      "disabled": undefined,
      "expanded": undefined,
      "selected": undefined,
    }
  }
  accessibilityValue={
    {
      "max": undefined,
      "min": undefined,
      "now": undefined,
      "text": undefined,
    }
  }
  accessible={true}
  collapsable={false}
  focusable={true}
  onBlur={[Function]}
  onClick={[Function]}
  onFocus={[Function]}
  onResponderGrant={[Function]}
  onResponderMove={[Function]}
  onResponderRelease={[Function]}
  onResponderTerminate={[Function]}
  onResponderTerminationRequest={[Function]}
  onStartShouldSetResponder={[Function]}
  style={
    [
      {
        "width": "100%",
      },
      {
        "opacity": 1,
      },
    ]
  }
>
  <View
    style={
      [
        {
          "backgroundColor": "#343C64",
          "borderRadius": 20,
          "padding": 10,
          "textAlign": "center",
          "width": "100%",
        },
        undefined,
      ]
    }
  >
    <Text
      style={
        [
          {
            "fontSize": 16,
            "fontWeight": "600",
          },
          {
            "color": "#fff",
            "fontWeight": "bold",
            "textAlign": "center",
          },
          undefined,
        ]
      }
    >
      Test me out!
    </Text>
  </View>
</View>
`;
